$ mkdir IronKaci

$ cd IronKaci

$ git init .
Initialized empty Git repository in C:/Users/kaci/IronHack/IronKaci/.git/

kaci@LAPTOP-KLEEFLEM MINGW64 ~/IronHack/IronKaci (master)
$ git remote add origin https://github.com/Kaci213/IronKaci.git

kaci@LAPTOP-KLEEFLEM MINGW64 ~/IronHack/IronKaci (master)
$ nano about.txt

kaci@LAPTOP-KLEEFLEM MINGW64 ~/IronHack/IronKaci (master)
$ git add .
warning: in the working copy of 'about.txt', LF will be replaced by CRLF the next time Git touches it

kaci@LAPTOP-KLEEFLEM MINGW64 ~/IronHack/IronKaci (master)
$ git commit -m "New file"
[master (root-commit) 4d8041a] New file
 1 file changed, 3 insertions(+)
 create mode 100644 about.txt

kaci@LAPTOP-KLEEFLEM MINGW64 ~/IronHack/IronKaci (master)
$ git push origin master
Enumerating objects: 3, done.
Counting objects: 100% (3/3), done.
Writing objects: 100% (3/3), 222 bytes | 222.00 KiB/s, done.
Total 3 (delta 0), reused 0 (delta 0), pack-reused 0
To https://github.com/Kaci213/IronKaci.git
 * [new branch]      master -> master

kaci@LAPTOP-KLEEFLEM MINGW64 ~/IronHack/IronKaci (master)
$ cd ..

$ git clone https://github.com/Kaci213/IronGemma.git

$ cd IronGemma

$ git init .

$ git checkout -b classmate

$ touch maya.txt

$ nano maya.txt  #then I edited it with nano

$ git add .

$ git commit -m "Kaci's goal" 

$ git push origin classmate


(I spared you the errors and various trials because of dumb mistakes or typos) 
